00:00 +0: loading C:/undiyal/crave/test/json_parsing_test.dart
00:00 +0: JSON Parsing Logic (Unit Tests) Valid JSON should be parsed correctly
00:00 +1: JSON Parsing Logic (Unit Tests) Markdown wrapped JSON (```json ... ```) should be cleaned
00:00 +2: JSON Parsing Logic (Unit Tests) Malformed JSON should throw FormatException or Exception
00:00 +3: JSON Parsing Logic (Unit Tests) Garbage prefix/suffix should be ignored
00:00 +4: Gemini Integration Test Should extract 2 recipes from Mock Text
Sending mock text to Gemini...
CRITICAL GEMINI ERROR: models/gemini-pro is not found for API version v1beta, or is not supported for generateContent. Call ListModels to see the list of available models and their supported methods.
Γ¥î Gemini API Error: models/gemini-pro is not found for API version v1beta, or is not supported for generateContent. Call ListModels to see the list of available models and their supported methods.
00:01 +4 -1: Gemini Integration Test Should extract 2 recipes from Mock Text [E]
  Exception: AI Analysis failed: models/gemini-pro is not found for API version v1beta, or is not supported for generateContent. Call ListModels to see the list of available models and their supported methods.
  package:crave/services/recipe_ai_service.dart 72:7  RecipeAiService.analyzeText
  
00:01 +4 -1: Some tests failed.
